 
****************************************
Report : net
Design : accelerator_soc
Version: V-2023.12-SP5-3
Date   : Sat Nov 29 18:30:03 2025
****************************************


Operating Conditions: tsl18fs120_scl_ff   Library: tsl18fs120_scl_ff
Wire Load Model Mode: top

Design        Wire Load Model            Library
------------------------------------------------
accelerator_soc        35000             tsl18fs120_scl_ff


Attributes:
   dr - drc disabled

Net
 Fanout    Fanin     Load      LoadUR    LoadUF    LoadLR    LoadLF    Resist    Pins      Attr
-----------------------------------------------------------------------------------------------
clear_pulse
      1         1        0.01      0.01      0.01      0.01      0.01      0.00       2    
clk
    170         1        4.13      3.99      3.97      3.99      3.97      4.08     171    dr
done_signal
      2         1        0.01      0.01      0.01      0.01      0.01      0.01       3    
n433
      1         1        0.01      0.01      0.01      0.01      0.01      0.00       2    
n434
      1         1        0.01      0.01      0.01      0.01      0.01      0.00       2    
n435
      1         1        0.01      0.01      0.01      0.01      0.01      0.00       2    
n436
      1         1        0.01      0.01      0.01      0.01      0.01      0.00       2    
n437
      1         1        0.01      0.01      0.01      0.01      0.01      0.00       2    
n438
      1         1        0.01      0.01      0.01      0.01      0.01      0.00       2    
n439
      1         1        0.01      0.01      0.01      0.01      0.01      0.00       2    
n440
      1         1        0.01      0.01      0.01      0.01      0.01      0.00       2    
n441
      1         1        0.01      0.01      0.01      0.01      0.01      0.00       2    
n442
      1         1        0.01      0.01      0.01      0.01      0.01      0.00       2    
n443
      1         1        0.01      0.01      0.01      0.01      0.01      0.00       2    
n444
      1         1        0.01      0.01      0.01      0.01      0.01      0.00       2    
n445
      1         1        0.01      0.01      0.01      0.01      0.01      0.00       2    
n446
      1         1        0.01      0.01      0.01      0.01      0.01      0.00       2    
n447
      1         1        0.01      0.01      0.01      0.01      0.01      0.00       2    
n448
      1         1        0.01      0.01      0.01      0.01      0.01      0.00       2    
n449
      1         1        0.01      0.01      0.01      0.01      0.01      0.00       2    
n450
      1         1        0.01      0.01      0.01      0.01      0.01      0.00       2    
n451
      1         1        0.01      0.01      0.01      0.01      0.01      0.00       2    
n452
      1         1        0.01      0.01      0.01      0.01      0.01      0.00       2    
n453
      1         1        0.01      0.01      0.01      0.01      0.01      0.00       2    
n454
      1         1        0.01      0.01      0.01      0.01      0.01      0.00       2    
n455
      1         1        0.01      0.01      0.01      0.01      0.01      0.00       2    
n456
      1         1        0.01      0.01      0.01      0.01      0.01      0.00       2    
n457
      1         1        0.01      0.01      0.01      0.01      0.01      0.00       2    
n458
      1         1        0.01      0.01      0.01      0.01      0.01      0.00       2    
n459
      1         1        0.01      0.01      0.01      0.01      0.01      0.00       2    
n460
      1         1        0.01      0.01      0.01      0.01      0.01      0.00       2    
n461
      1         1        0.01      0.01      0.01      0.01      0.01      0.00       2    
n462
      1         1        0.01      0.01      0.01      0.01      0.01      0.00       2    
n463
      1         1        0.01      0.01      0.01      0.01      0.01      0.00       2    
n464
      1         1        0.01      0.01      0.01      0.01      0.01      0.00       2    
n465
      1         1        0.01      0.01      0.01      0.01      0.01      0.00       2    
n466
      1         1        0.01      0.01      0.01      0.01      0.01      0.00       2    
n467
      1         1        0.01      0.01      0.01      0.01      0.01      0.00       2    
n468
      1         1        0.01      0.01      0.01      0.01      0.01      0.00       2    
n469
      1         1        0.01      0.01      0.01      0.01      0.01      0.00       2    
n470
      1         1        0.01      0.01      0.01      0.01      0.01      0.00       2    
n471
      1         1        0.01      0.01      0.01      0.01      0.01      0.00       2    
n472
      1         1        0.01      0.01      0.01      0.01      0.01      0.00       2    
n473
      1         1        0.01      0.01      0.01      0.01      0.01      0.00       2    
n474
      1         1        0.01      0.01      0.01      0.01      0.01      0.00       2    
n475
      1         1        0.01      0.01      0.01      0.01      0.01      0.00       2    
n476
      1         1        0.01      0.01      0.01      0.01      0.01      0.00       2    
n477
      1         1        0.01      0.01      0.01      0.01      0.01      0.00       2    
n478
      1         1        0.01      0.01      0.01      0.01      0.01      0.00       2    
n479
      1         1        0.01      0.01      0.01      0.01      0.01      0.00       2    
n480
      1         1        0.01      0.01      0.01      0.01      0.01      0.00       2    
n481
      1         1        0.01      0.01      0.01      0.01      0.01      0.00       2    
n482
      1         1        0.01      0.01      0.01      0.01      0.01      0.00       2    
n483
      1         1        0.01      0.01      0.01      0.01      0.01      0.00       2    
n484
      1         1        0.01      0.01      0.01      0.01      0.01      0.00       2    
n485
      1         1        0.01      0.01      0.01      0.01      0.01      0.00       2    
n486
      1         1        0.01      0.01      0.01      0.01      0.01      0.00       2    
n487
      1         1        0.01      0.01      0.01      0.01      0.01      0.00       2    
n488
      1         1        0.01      0.01      0.01      0.01      0.01      0.00       2    
n489
      1         1        0.01      0.01      0.01      0.01      0.01      0.00       2    
n490
      1         1        0.01      0.01      0.01      0.01      0.01      0.00       2    
n491
      1         1        0.01      0.01      0.01      0.01      0.01      0.00       2    
n492
      1         1        0.01      0.01      0.01      0.01      0.01      0.00       2    
n493
      1         1        0.01      0.01      0.01      0.01      0.01      0.00       2    
n494
      1         1        0.01      0.01      0.01      0.01      0.01      0.00       2    
n495
      1         1        0.01      0.01      0.01      0.01      0.01      0.00       2    
n496
      1         1        0.01      0.01      0.01      0.01      0.01      0.00       2    
n497
      1         1        0.01      0.01      0.01      0.01      0.01      0.00       2    
n498
      1         1        0.01      0.01      0.01      0.01      0.01      0.00       2    
n499
      1         1        0.01      0.01      0.01      0.01      0.01      0.00       2    
n500
      1         1        0.01      0.01      0.01      0.01      0.01      0.00       2    
n501
      1         1        0.01      0.01      0.01      0.01      0.01      0.00       2    
n502
      1         1        0.01      0.01      0.01      0.01      0.01      0.00       2    
n503
      1         1        0.01      0.01      0.01      0.01      0.01      0.00       2    
n504
      1         1        0.01      0.01      0.01      0.01      0.01      0.00       2    
n505
      1         1        0.01      0.01      0.01      0.01      0.01      0.00       2    
n506
      1         1        0.01      0.01      0.01      0.01      0.01      0.00       2    
n507
      1         1        0.01      0.01      0.01      0.01      0.01      0.00       2    
n508
      1         1        0.01      0.01      0.01      0.01      0.01      0.00       2    
n509
      1         1        0.01      0.01      0.01      0.01      0.01      0.00       2    
n510
      1         1        0.01      0.01      0.01      0.01      0.01      0.00       2    
n511
      1         1        0.01      0.01      0.01      0.01      0.01      0.00       2    
n512
      1         1        0.01      0.01      0.01      0.01      0.01      0.00       2    
n513
      1         1        0.01      0.01      0.01      0.01      0.01      0.00       2    
n514
      1         1        0.01      0.01      0.01      0.01      0.01      0.00       2    
n515
      1         1        0.01      0.01      0.01      0.01      0.01      0.00       2    
n516
      1         1        0.01      0.01      0.01      0.01      0.01      0.00       2    
n517
      1         1        0.01      0.01      0.01      0.01      0.01      0.00       2    
n518
      1         1        0.01      0.01      0.01      0.01      0.01      0.00       2    
n519
      1         1        0.01      0.01      0.01      0.01      0.01      0.00       2    
n520
      1         1        0.01      0.01      0.01      0.01      0.01      0.00       2    
n521
      1         1        0.01      0.01      0.01      0.01      0.01      0.00       2    
n522
      1         1        0.01      0.01      0.01      0.01      0.01      0.00       2    
n523
      1         1        0.01      0.01      0.01      0.01      0.01      0.00       2    
n524
      1         1        0.01      0.01      0.01      0.01      0.01      0.00       2    
n525
      1         1        0.01      0.01      0.01      0.01      0.01      0.00       2    
n526
      1         1        0.01      0.01      0.01      0.01      0.01      0.00       2    
n527
      1         1        0.01      0.01      0.01      0.01      0.01      0.00       2    
n528
      1         1        0.01      0.01      0.01      0.01      0.01      0.00       2    
n529
      1         1        0.01      0.01      0.01      0.01      0.01      0.00       2    
n530
      1         1        0.01      0.01      0.01      0.01      0.01      0.00       2    
n531
      1         1        0.01      0.01      0.01      0.01      0.01      0.00       2    
n532
      1         1        0.01      0.01      0.01      0.01      0.01      0.00       2    
n533
      1         1        0.01      0.01      0.01      0.01      0.01      0.00       2    
n534
      1         1        0.01      0.01      0.01      0.01      0.01      0.00       2    
n535
      1         1        0.01      0.01      0.01      0.01      0.01      0.00       2    
n536
      1         1        0.01      0.01      0.01      0.01      0.01      0.00       2    
n537
      1         1        0.01      0.01      0.01      0.01      0.01      0.00       2    
n538
      1         1        0.01      0.01      0.01      0.01      0.01      0.00       2    
n539
      1         1        0.01      0.01      0.01      0.01      0.01      0.00       2    
n540
      1         1        0.01      0.01      0.01      0.01      0.01      0.00       2    
n541
      1         1        0.01      0.01      0.01      0.01      0.01      0.00       2    
n542
      1         1        0.01      0.01      0.01      0.01      0.01      0.00       2    
n543
      1         1        0.01      0.01      0.01      0.01      0.01      0.00       2    
n544
      1         1        0.01      0.01      0.01      0.01      0.01      0.00       2    
n545
      1         1        0.01      0.01      0.01      0.01      0.01      0.00       2    
n546
      1         1        0.01      0.01      0.01      0.01      0.01      0.00       2    
n547
      1         1        0.01      0.01      0.01      0.01      0.01      0.00       2    
n548
      1         1        0.01      0.01      0.01      0.01      0.01      0.00       2    
n549
      1         1        0.01      0.01      0.01      0.01      0.01      0.00       2    
n550
      1         1        0.01      0.01      0.01      0.01      0.01      0.00       2    
n551
      1         1        0.01      0.01      0.01      0.01      0.01      0.00       2    
n552
      1         1        0.01      0.01      0.01      0.01      0.01      0.00       2    
n553
      1         1        0.01      0.01      0.01      0.01      0.01      0.00       2    
n554
      1         1        0.01      0.01      0.01      0.01      0.01      0.00       2    
n555
      1         1        0.01      0.01      0.01      0.01      0.01      0.00       2    
n556
      1         1        0.01      0.01      0.01      0.01      0.01      0.00       2    
n557
      1         1        0.01      0.01      0.01      0.01      0.01      0.00       2    
n558
      1         1        0.01      0.01      0.01      0.01      0.01      0.00       2    
n559
      1         1        0.01      0.01      0.01      0.01      0.01      0.00       2    
n560
      1         1        0.01      0.01      0.01      0.01      0.01      0.00       2    
n561
      1         1        0.01      0.01      0.01      0.01      0.01      0.00       2    
n562
      1         1        0.01      0.01      0.01      0.01      0.01      0.00       2    
n563
      1         1        0.01      0.01      0.01      0.01      0.01      0.00       2    
n564
      1         1        0.01      0.01      0.01      0.01      0.01      0.00       2    
n565
      1         1        0.01      0.01      0.01      0.01      0.01      0.00       2    
n566
      1         1        0.01      0.01      0.01      0.01      0.01      0.00       2    
n567
      1         1        0.01      0.01      0.01      0.01      0.01      0.00       2    
n568
      1         1        0.01      0.01      0.01      0.01      0.01      0.00       2    
n569
      1         1        0.01      0.01      0.01      0.01      0.01      0.00       2    
n570
      1         1        0.01      0.01      0.01      0.01      0.01      0.00       2    
n571
      1         1        0.01      0.01      0.01      0.01      0.01      0.00       2    
n572
      1         1        0.01      0.01      0.01      0.01      0.01      0.00       2    
n573
      1         1        0.01      0.01      0.01      0.01      0.01      0.00       2    
n574
      1         1        0.01      0.01      0.01      0.01      0.01      0.00       2    
n575
      1         1        0.01      0.01      0.01      0.01      0.01      0.00       2    
n576
      1         1        0.01      0.01      0.01      0.01      0.01      0.00       2    
n577
      1         1        0.01      0.01      0.01      0.01      0.01      0.00       2    
n578
      1         1        0.01      0.01      0.01      0.01      0.01      0.00       2    
n579
      1         1        0.01      0.01      0.01      0.01      0.01      0.00       2    
n580
      1         1        0.01      0.01      0.01      0.01      0.01      0.00       2    
n581
      1         1        0.01      0.01      0.01      0.01      0.01      0.00       2    
n582
      1         1        0.01      0.01      0.01      0.01      0.01      0.00       2    
n583
      1         1        0.01      0.01      0.01      0.01      0.01      0.00       2    
n584
      1         1        0.01      0.01      0.01      0.01      0.01      0.00       2    
n585
      1         1        0.01      0.01      0.01      0.01      0.01      0.00       2    
n586
      1         1        0.01      0.01      0.01      0.01      0.01      0.00       2    
n587
      1         1        0.01      0.01      0.01      0.01      0.01      0.00       2    
n588
      1         1        0.01      0.01      0.01      0.01      0.01      0.00       2    
n589
      1         1        0.01      0.01      0.01      0.01      0.01      0.00       2    
n590
      1         1        0.01      0.01      0.01      0.01      0.01      0.00       2    
n591
      1         1        0.01      0.01      0.01      0.01      0.01      0.00       2    
n592
      1         1        0.01      0.01      0.01      0.01      0.01      0.00       2    
n593
      1         1        0.01      0.01      0.01      0.01      0.01      0.00       2    
n594
      1         1        0.01      0.01      0.01      0.01      0.01      0.00       2    
n595
      1         1        0.01      0.01      0.01      0.01      0.01      0.00       2    
n596
      1         1        0.01      0.01      0.01      0.01      0.01      0.00       2    
n597
      1         1        0.01      0.01      0.01      0.01      0.01      0.00       2    
n598
      2         1        0.01      0.01      0.01      0.01      0.01      0.01       3    
n599
      1         1        0.02      0.01      0.01      0.01      0.01      0.00       2    
n600
      1         1        0.01      0.00      0.00      0.00      0.00      0.00       2    
n601
      1         1        0.01      0.01      0.01      0.01      0.01      0.00       2    
n602
      2         1        0.02      0.02      0.02      0.02      0.02      0.01       3    
n603
      1         1        0.01      0.01      0.01      0.01      0.01      0.00       2    
n604
      2         1        0.02      0.02      0.02      0.02      0.02      0.01       3    
n605
      1         1        0.01      0.01      0.01      0.01      0.01      0.00       2    
n606
      2         1        0.02      0.02      0.02      0.02      0.02      0.01       3    
n607
      1         1        0.01      0.01      0.01      0.01      0.01      0.00       2    
n608
      2         1        0.02      0.02      0.02      0.02      0.02      0.01       3    
n609
      1         1        0.01      0.01      0.01      0.01      0.01      0.00       2    
n610
      2         1        0.02      0.02      0.02      0.02      0.02      0.01       3    
n611
      1         1        0.01      0.01      0.01      0.01      0.01      0.00       2    
n612
      2         1        0.02      0.02      0.02      0.02      0.02      0.01       3    
n613
      1         1        0.01      0.01      0.01      0.01      0.01      0.00       2    
n614
      2         1        0.02      0.02      0.02      0.02      0.02      0.01       3    
n615
      1         1        0.01      0.01      0.01      0.01      0.01      0.00       2    
n616
      2         1        0.02      0.02      0.02      0.02      0.02      0.01       3    
n617
      1         1        0.01      0.01      0.01      0.01      0.01      0.00       2    
n618
      2         1        0.02      0.02      0.02      0.02      0.02      0.01       3    
n619
      1         1        0.01      0.01      0.01      0.01      0.01      0.00       2    
n620
      2         1        0.02      0.02      0.02      0.02      0.02      0.01       3    
n621
      1         1        0.01      0.01      0.01      0.01      0.01      0.00       2    
n622
      2         1        0.02      0.02      0.02      0.02      0.02      0.01       3    
n623
      1         1        0.01      0.01      0.01      0.01      0.01      0.00       2    
n624
      2         1        0.02      0.02      0.02      0.02      0.02      0.01       3    
n625
      1         1        0.01      0.01      0.01      0.01      0.01      0.00       2    
n626
      2         1        0.02      0.02      0.02      0.02      0.02      0.01       3    
n627
      1         1        0.01      0.01      0.01      0.01      0.01      0.00       2    
n628
      2         1        0.02      0.02      0.02      0.02      0.02      0.01       3    
n629
      1         1        0.01      0.01      0.01      0.01      0.01      0.00       2    
n630
      2         1        0.02      0.02      0.02      0.02      0.02      0.01       3    
n631
      1         1        0.01      0.01      0.01      0.01      0.01      0.00       2    
n632
      2         1        0.02      0.02      0.02      0.02      0.02      0.01       3    
n633
      1         1        0.01      0.01      0.01      0.01      0.01      0.00       2    
n634
      2         1        0.02      0.02      0.02      0.02      0.02      0.01       3    
n635
     21         1        0.31      0.29      0.29      0.29      0.29      0.23      22    
n636
      6         1        0.09      0.08      0.07      0.08      0.07      0.03       7    
n637
      3         1        0.02      0.02      0.02      0.02      0.02      0.01       4    
n638
      3         1        0.03      0.02      0.02      0.02      0.02      0.01       4    
n639
      4         1        0.04      0.03      0.03      0.03      0.03      0.02       5    
n640
     16         1        0.20      0.18      0.17      0.18      0.17      0.13      17    
n641
     15         1        0.18      0.16      0.16      0.16      0.16      0.12      16    
n642
      3         1        0.05      0.04      0.04      0.04      0.04      0.01       4    
n643
      1         1        0.01      0.01      0.01      0.01      0.01      0.00       2    
n644
      2         1        0.02      0.01      0.01      0.01      0.01      0.01       3    
n645
      2         1        0.02      0.01      0.01      0.01      0.01      0.01       3    
n646
      1         1        0.01      0.01      0.01      0.01      0.01      0.00       2    
n647
      1         1        0.01      0.01      0.01      0.01      0.01      0.00       2    
n648
      1         1        0.01      0.01      0.01      0.01      0.01      0.00       2    
n649
      1         1        0.01      0.01      0.01      0.01      0.01      0.00       2    
n650
      1         1        0.01      0.01      0.01      0.01      0.01      0.00       2    
n651
      1         1        0.01      0.01      0.01      0.01      0.01      0.00       2    
n652
      1         1        0.01      0.01      0.01      0.01      0.01      0.00       2    
n653
      1         1        0.01      0.01      0.01      0.01      0.01      0.00       2    
n654
      1         1        0.01      0.01      0.01      0.01      0.01      0.00       2    
n655
      1         1        0.01      0.01      0.01      0.01      0.01      0.00       2    
n656
      1         1        0.01      0.01      0.01      0.01      0.01      0.00       2    
n657
      2         1        0.02      0.01      0.01      0.01      0.01      0.01       3    
n658
      1         1        0.01      0.01      0.01      0.01      0.01      0.00       2    
n659
      1         1        0.01      0.01      0.01      0.01      0.01      0.00       2    
n660
      1         1        0.01      0.01      0.01      0.01      0.01      0.00       2    
n661
      1         1        0.01      0.01      0.01      0.01      0.01      0.00       2    
n662
      1         1        0.01      0.01      0.01      0.01      0.01      0.00       2    
n663
      1         1        0.01      0.01      0.01      0.01      0.01      0.00       2    
n664
      1         1        0.01      0.01      0.01      0.01      0.01      0.00       2    
n665
      2         1        0.02      0.01      0.01      0.01      0.01      0.01       3    
n666
      1         1        0.01      0.01      0.01      0.01      0.01      0.00       2    
n667
      1         1        0.01      0.01      0.01      0.01      0.01      0.00       2    
n668
      1         1        0.01      0.01      0.01      0.01      0.01      0.00       2    
n669
      2         1        0.02      0.02      0.01      0.02      0.01      0.01       3    
n670
      2         1        0.02      0.01      0.01      0.01      0.01      0.01       3    
n671
      1         1        0.01      0.01      0.01      0.01      0.01      0.00       2    
n672
      1         1        0.01      0.01      0.01      0.01      0.01      0.00       2    
n673
      1         1        0.01      0.01      0.01      0.01      0.01      0.00       2    
n674
      1         1        0.01      0.01      0.01      0.01      0.01      0.00       2    
n675
      2         1        0.01      0.01      0.01      0.01      0.01      0.01       3    
n676
      1         1        0.01      0.01      0.01      0.01      0.01      0.00       2    
n677
      1         1        0.01      0.01      0.01      0.01      0.01      0.00       2    
n678
      2         1        0.02      0.02      0.02      0.02      0.02      0.01       3    
n679
      2         1        0.02      0.02      0.01      0.02      0.01      0.01       3    
n680
      1         1        0.01      0.01      0.01      0.01      0.01      0.00       2    
n681
      1         1        0.01      0.01      0.01      0.01      0.01      0.00       2    
n682
      1         1        0.01      0.01      0.01      0.01      0.01      0.00       2    
n683
      1         1        0.01      0.01      0.01      0.01      0.01      0.00       2    
n684
      1         1        0.01      0.01      0.01      0.01      0.01      0.00       2    
n685
      1         1        0.01      0.01      0.01      0.01      0.01      0.00       2    
n686
      3         1        0.03      0.03      0.03      0.03      0.03      0.01       4    
n687
      1         1        0.01      0.01      0.01      0.01      0.01      0.00       2    
n688
      1         1        0.01      0.01      0.01      0.01      0.01      0.00       2    
n689
      1         1        0.01      0.01      0.01      0.01      0.01      0.00       2    
n690
      1         1        0.01      0.01      0.01      0.01      0.01      0.00       2    
n691
      1         1        0.01      0.01      0.01      0.01      0.01      0.00       2    
n692
      2         1        0.02      0.01      0.01      0.01      0.01      0.01       3    
n693
      2         1        0.02      0.01      0.01      0.01      0.01      0.01       3    
n694
      1         1        0.01      0.01      0.01      0.01      0.01      0.00       2    
n695
      1         1        0.01      0.01      0.01      0.01      0.01      0.00       2    
n696
      1         1        0.01      0.01      0.01      0.01      0.01      0.00       2    
n697
      2         1        0.01      0.01      0.01      0.01      0.01      0.01       3    
n698
      1         1        0.01      0.01      0.01      0.01      0.01      0.00       2    
n699
      1         1        0.01      0.01      0.01      0.01      0.01      0.00       2    
n700
      1         1        0.01      0.01      0.01      0.01      0.01      0.00       2    
n701
      1         1        0.01      0.01      0.01      0.01      0.01      0.00       2    
n702
      2         1        0.02      0.02      0.02      0.02      0.02      0.01       3    
n703
      2         1        0.02      0.02      0.02      0.02      0.02      0.01       3    
n704
      1         1        0.01      0.01      0.01      0.01      0.01      0.00       2    
n705
      1         1        0.01      0.01      0.01      0.01      0.01      0.00       2    
n706
      1         1        0.01      0.01      0.01      0.01      0.01      0.00       2    
n707
      1         1        0.01      0.01      0.01      0.01      0.01      0.00       2    
n708
      1         1        0.01      0.01      0.01      0.01      0.01      0.00       2    
n709
      4         1        0.04      0.04      0.04      0.04      0.04      0.02       5    
n710
      1         1        0.01      0.01      0.01      0.01      0.01      0.00       2    
n711
      2         1        0.02      0.02      0.01      0.02      0.01      0.01       3    
n712
      2         1        0.02      0.01      0.01      0.01      0.01      0.01       3    
n713
      1         1        0.01      0.01      0.01      0.01      0.01      0.00       2    
n714
      1         1        0.01      0.01      0.01      0.01      0.01      0.00       2    
n715
      1         1        0.01      0.01      0.01      0.01      0.01      0.00       2    
n716
      1         1        0.01      0.01      0.01      0.01      0.01      0.00       2    
n717
      2         1        0.02      0.02      0.02      0.02      0.02      0.01       3    
n718
      1         1        0.01      0.01      0.01      0.01      0.01      0.00       2    
n719
      1         1        0.01      0.01      0.01      0.01      0.01      0.00       2    
n720
      1         1        0.01      0.01      0.01      0.01      0.01      0.00       2    
n721
      1         1        0.01      0.01      0.01      0.01      0.01      0.00       2    
n722
      2         1        0.02      0.01      0.01      0.01      0.01      0.01       3    
n723
      3         1        0.03      0.02      0.02      0.02      0.02      0.01       4    
n724
      1         1        0.01      0.01      0.01      0.01      0.01      0.00       2    
n725
      2         1        0.02      0.02      0.02      0.02      0.02      0.01       3    
n726
      1         1        0.01      0.01      0.01      0.01      0.01      0.00       2    
n727
      1         1        0.01      0.01      0.01      0.01      0.01      0.00       2    
n728
      1         1        0.01      0.01      0.01      0.01      0.01      0.00       2    
n729
      1         1        0.01      0.01      0.01      0.01      0.01      0.00       2    
n730
      1         1        0.01      0.01      0.01      0.01      0.01      0.00       2    
n731
      1         1        0.01      0.01      0.01      0.01      0.01      0.00       2    
n732
      2         1        0.02      0.02      0.02      0.02      0.02      0.01       3    
n733
     16         1        0.20      0.18      0.18      0.18      0.18      0.13      17    
n734
      1         1        0.01      0.01      0.01      0.01      0.01      0.00       2    
n735
      2         1        0.01      0.01      0.01      0.01      0.01      0.01       3    
n736
      2         1        0.02      0.01      0.01      0.01      0.01      0.01       3    
n737
      2         1        0.02      0.01      0.01      0.01      0.01      0.01       3    
n738
      2         1        0.02      0.02      0.02      0.02      0.02      0.01       3    
n739
      1         1        0.01      0.01      0.01      0.01      0.01      0.00       2    
n740
      2         1        0.02      0.02      0.02      0.02      0.02      0.01       3    
n741
      1         1        0.01      0.01      0.01      0.01      0.01      0.00       2    
n742
      2         1        0.02      0.02      0.02      0.02      0.02      0.01       3    
n743
      2         1        0.02      0.01      0.01      0.01      0.01      0.01       3    
n744
      1         1        0.01      0.01      0.01      0.01      0.01      0.00       2    
n745
      2         1        0.02      0.02      0.02      0.02      0.02      0.01       3    
n746
      2         1        0.02      0.01      0.01      0.01      0.01      0.01       3    
n747
      1         1        0.01      0.01      0.01      0.01      0.01      0.00       2    
n748
      2         1        0.01      0.01      0.01      0.01      0.01      0.01       3    
n749
      2         1        0.02      0.01      0.01      0.01      0.01      0.01       3    
n750
      2         1        0.02      0.02      0.02      0.02      0.02      0.01       3    
n751
      2         1        0.02      0.01      0.01      0.01      0.01      0.01       3    
n752
      1         1        0.01      0.01      0.01      0.01      0.01      0.00       2    
n753
      2         1        0.01      0.01      0.01      0.01      0.01      0.01       3    
n754
      2         1        0.02      0.01      0.01      0.01      0.01      0.01       3    
n755
      1         1        0.01      0.01      0.01      0.01      0.01      0.00       2    
n756
      1         1        0.01      0.01      0.01      0.01      0.01      0.00       2    
n757
      2         1        0.02      0.02      0.02      0.02      0.02      0.01       3    
n758
      1         1        0.01      0.01      0.01      0.01      0.01      0.00       2    
n759
      1         1        0.01      0.01      0.01      0.01      0.01      0.00       2    
n760
      2         1        0.01      0.01      0.01      0.01      0.01      0.01       3    
n761
      1         1        0.01      0.01      0.01      0.01      0.01      0.00       2    
n762
      1         1        0.01      0.01      0.01      0.01      0.01      0.00       2    
n763
      1         1        0.01      0.01      0.01      0.01      0.01      0.00       2    
n764
      1         1        0.01      0.01      0.01      0.01      0.01      0.00       2    
n765
      1         1        0.01      0.01      0.01      0.01      0.01      0.00       2    
n766
      2         1        0.02      0.02      0.02      0.02      0.02      0.01       3    
n767
      1         1        0.01      0.01      0.01      0.01      0.01      0.00       2    
n768
      2         1        0.02      0.01      0.01      0.01      0.01      0.01       3    
n769
      2         1        0.02      0.01      0.01      0.01      0.01      0.01       3    
n770
      1         1        0.01      0.01      0.01      0.01      0.01      0.00       2    
n771
      1         1        0.01      0.01      0.01      0.01      0.01      0.00       2    
n772
      1         1        0.01      0.01      0.01      0.01      0.01      0.00       2    
n773
      3         1        0.04      0.04      0.04      0.04      0.04      0.01       4    
n774
     16         1        0.20      0.18      0.17      0.18      0.17      0.13      17    
n775
      2         1        0.01      0.01      0.01      0.01      0.01      0.01       3    
n776
      1         1        0.01      0.01      0.01      0.01      0.01      0.00       2    
n777
     16         1        0.19      0.17      0.16      0.17      0.16      0.13      17    
n778
      1         1        0.01      0.01      0.01      0.01      0.01      0.00       2    
n779
      1         1        0.01      0.01      0.01      0.01      0.01      0.00       2    
n780
      1         1        0.01      0.01      0.01      0.01      0.01      0.00       2    
n781
      1         1        0.01      0.01      0.01      0.01      0.01      0.00       2    
n782
      1         1        0.01      0.01      0.01      0.01      0.01      0.00       2    
n783
      1         1        0.01      0.01      0.01      0.01      0.01      0.00       2    
n784
      1         1        0.01      0.01      0.01      0.01      0.01      0.00       2    
n785
      2         1        0.02      0.01      0.01      0.01      0.01      0.01       3    
n786
      2         1        0.02      0.01      0.01      0.01      0.01      0.01       3    
n787
      1         1        0.01      0.01      0.01      0.01      0.01      0.00       2    
n788
      1         1        0.01      0.01      0.01      0.01      0.01      0.00       2    
n789
      1         1        0.01      0.01      0.01      0.01      0.01      0.00       2    
n790
      1         1        0.01      0.01      0.01      0.01      0.01      0.00       2    
n791
      1         1        0.01      0.01      0.01      0.01      0.01      0.00       2    
n792
      2         1        0.01      0.01      0.01      0.01      0.01      0.01       3    
n793
      1         1        0.01      0.01      0.01      0.01      0.01      0.00       2    
n794
      2         1        0.02      0.01      0.01      0.01      0.01      0.01       3    
n795
      1         1        0.01      0.01      0.01      0.01      0.01      0.00       2    
n796
      1         1        0.01      0.01      0.01      0.01      0.01      0.00       2    
n797
      1         1        0.01      0.01      0.01      0.01      0.01      0.00       2    
n798
      1         1        0.01      0.01      0.01      0.01      0.01      0.00       2    
n799
      2         1        0.02      0.02      0.01      0.02      0.01      0.01       3    
n800
      2         1        0.02      0.01      0.01      0.01      0.01      0.01       3    
n801
      1         1        0.01      0.01      0.01      0.01      0.01      0.00       2    
n802
      1         1        0.01      0.01      0.01      0.01      0.01      0.00       2    
n803
      1         1        0.01      0.01      0.01      0.01      0.01      0.00       2    
n804
      1         1        0.01      0.01      0.01      0.01      0.01      0.00       2    
n805
      2         1        0.02      0.02      0.02      0.02      0.02      0.01       3    
n806
      1         1        0.01      0.01      0.01      0.01      0.01      0.00       2    
n807
     18         1        0.29      0.23      0.24      0.23      0.24      0.16      19    
n808
      1         1        0.01      0.01      0.01      0.01      0.01      0.00       2    
n809
      1         1        0.01      0.01      0.01      0.01      0.01      0.00       2    
n810
      1         1        0.01      0.01      0.01      0.01      0.01      0.00       2    
n811
      2         1        0.02      0.02      0.02      0.02      0.02      0.01       3    
n812
      1         1        0.01      0.01      0.01      0.01      0.01      0.00       2    
n813
      1         1        0.01      0.01      0.01      0.01      0.01      0.00       2    
n814
      1         1        0.01      0.01      0.01      0.01      0.01      0.00       2    
n815
      2         1        0.02      0.01      0.01      0.01      0.01      0.01       3    
n816
      3         1        0.03      0.02      0.02      0.02      0.02      0.01       4    
n817
      1         1        0.01      0.01      0.01      0.01      0.01      0.00       2    
n818
      1         1        0.01      0.01      0.01      0.01      0.01      0.00       2    
n819
      1         1        0.01      0.01      0.01      0.01      0.01      0.00       2    
n820
      1         1        0.01      0.01      0.01      0.01      0.01      0.00       2    
n821
      2         1        0.02      0.02      0.02      0.02      0.02      0.01       3    
n822
      1         1        0.01      0.01      0.01      0.01      0.01      0.00       2    
n823
      3         1        0.04      0.04      0.03      0.04      0.03      0.01       4    
n824
      1         1        0.01      0.01      0.01      0.01      0.01      0.00       2    
n825
      3         1        0.02      0.02      0.02      0.02      0.02      0.01       4    
n826
      1         1        0.01      0.01      0.01      0.01      0.01      0.00       2    
n827
      3         1        0.03      0.02      0.02      0.02      0.02      0.01       4    
n828
      1         1        0.01      0.01      0.01      0.01      0.01      0.00       2    
n829
      1         1        0.01      0.01      0.01      0.01      0.01      0.00       2    
n830
      1         1        0.01      0.01      0.01      0.01      0.01      0.00       2    
n831
      4         1        0.04      0.04      0.04      0.04      0.04      0.02       5    
n832
      1         1        0.01      0.01      0.01      0.01      0.01      0.00       2    
n833
      1         1        0.01      0.01      0.01      0.01      0.01      0.00       2    
n834
      1         1        0.01      0.01      0.01      0.01      0.01      0.00       2    
n836
      7         1        0.07      0.06      0.06      0.06      0.06      0.04       8    
n837
      1         1        0.01      0.01      0.01      0.01      0.01      0.00       2    
n838
     21         1        0.33      0.30      0.29      0.30      0.29      0.23      22    
n839
      1         1        0.02      0.02      0.01      0.02      0.01      0.00       2    
n840
      1         1        0.01      0.01      0.01      0.01      0.01      0.00       2    
n841
      1         1        0.01      0.01      0.01      0.01      0.01      0.00       2    
n842
      3         1        0.03      0.03      0.02      0.03      0.02      0.01       4    
n843
      1         1        0.01      0.01      0.01      0.01      0.01      0.00       2    
n844
      2         1        0.02      0.02      0.02      0.02      0.02      0.01       3    
n845
      1         1        0.01      0.01      0.01      0.01      0.01      0.00       2    
n846
      1         1        0.01      0.01      0.01      0.01      0.01      0.00       2    
n847
     11         1        0.15      0.14      0.14      0.14      0.14      0.10      12    
n848
     10         1        0.12      0.10      0.11      0.10      0.11      0.08      11    
n849
     11         1        0.15      0.13      0.13      0.13      0.13      0.10      12    
n850
     10         1        0.15      0.11      0.12      0.11      0.12      0.08      11    
n851
     10         1        0.12      0.11      0.10      0.11      0.10      0.08      11    
n852
     10         1        0.12      0.10      0.10      0.10      0.10      0.08      11    
n853
      4         1        0.05      0.04      0.04      0.04      0.04      0.02       5    
n854
      2         1        0.01      0.01      0.01      0.01      0.01      0.01       3    
n855
      3         1        0.03      0.02      0.02      0.02      0.02      0.01       4    
n856
      2         1        0.02      0.02      0.02      0.02      0.02      0.01       3    
n857
      2         1        0.02      0.02      0.02      0.02      0.02      0.01       3    
n858
     15         1        0.19      0.17      0.17      0.17      0.17      0.12      16    
n859
      2         1        0.02      0.02      0.02      0.02      0.02      0.01       3    
n860
      2         1        0.02      0.02      0.02      0.02      0.02      0.01       3    
n861
      2         1        0.02      0.02      0.02      0.02      0.02      0.01       3    
n862
      2         1        0.02      0.02      0.02      0.02      0.02      0.01       3    
n863
      2         1        0.02      0.02      0.02      0.02      0.02      0.01       3    
n864
      2         1        0.02      0.02      0.02      0.02      0.02      0.01       3    
n865
      2         1        0.02      0.02      0.02      0.02      0.02      0.01       3    
n866
      2         1        0.02      0.02      0.02      0.02      0.02      0.01       3    
n867
      2         1        0.02      0.02      0.02      0.02      0.02      0.01       3    
n868
      2         1        0.02      0.02      0.02      0.02      0.02      0.01       3    
n869
      2         1        0.02      0.02      0.02      0.02      0.02      0.01       3    
n870
      2         1        0.02      0.02      0.02      0.02      0.02      0.01       3    
n871
      2         1        0.02      0.02      0.02      0.02      0.02      0.01       3    
n873
     10         1        0.15      0.11      0.12      0.11      0.12      0.08      11    
n874
     12         1        0.18      0.17      0.17      0.17      0.17      0.11      13    
n875
     11         1        0.14      0.13      0.12      0.13      0.12      0.10      12    
n876
     11         1        0.14      0.13      0.12      0.13      0.12      0.10      12    
n877
     10         1        0.15      0.11      0.12      0.11      0.12      0.08      11    
n878
      3         1        0.03      0.02      0.02      0.02      0.02      0.01       4    
n879
      3         1        0.03      0.02      0.02      0.02      0.02      0.01       4    
n880
      3         1        0.03      0.02      0.02      0.02      0.02      0.01       4    
n881
      4         1        0.09      0.08      0.07      0.08      0.07      0.02       5    
n882
     19         1        0.27      0.24      0.24      0.24      0.24      0.18      20    
n883
      3         1        0.03      0.02      0.02      0.02      0.02      0.01       4    
n884
      3         1        0.03      0.02      0.02      0.02      0.02      0.01       4    
n885
     10         1        0.14      0.12      0.12      0.12      0.12      0.08      11    
n886
      3         1        0.03      0.02      0.02      0.02      0.02      0.01       4    
n887
      3         1        0.03      0.02      0.03      0.02      0.03      0.01       4    
n888
      3         1        0.03      0.02      0.02      0.02      0.02      0.01       4    
n889
      3         1        0.03      0.02      0.03      0.02      0.03      0.01       4    
n890
      3         1        0.03      0.02      0.02      0.02      0.02      0.01       4    
n891
      3         1        0.03      0.02      0.02      0.02      0.02      0.01       4    
n892
      3         1        0.03      0.02      0.02      0.02      0.02      0.01       4    
n893
      3         1        0.03      0.02      0.02      0.02      0.02      0.01       4    
n894
      3         1        0.03      0.02      0.03      0.02      0.03      0.01       4    
n895
      3         1        0.03      0.02      0.02      0.02      0.02      0.01       4    
n896
      1         1        0.01      0.01      0.01      0.01      0.01      0.00       2    
n897
      3         1        0.03      0.02      0.02      0.02      0.02      0.01       4    
n898
      3         1        0.02      0.02      0.02      0.02      0.02      0.01       4    
n899
      4         1        0.04      0.04      0.04      0.04      0.04      0.02       5    
n900
      1         1        0.01      0.01      0.01      0.01      0.01      0.00       2    
n901
      2         1        0.02      0.02      0.01      0.02      0.01      0.01       3    
n902
      2         1        0.02      0.02      0.01      0.02      0.01      0.01       3    
n903
      2         1        0.02      0.01      0.01      0.01      0.01      0.01       3    
n904
      1         1        0.01      0.01      0.01      0.01      0.01      0.00       2    
n905
      2         1        0.02      0.01      0.01      0.01      0.01      0.01       3    
n906
      1         1        0.01      0.01      0.01      0.01      0.01      0.00       2    
n907
      1         1        0.01      0.01      0.01      0.01      0.01      0.00       2    
n908
      1         1        0.01      0.01      0.01      0.01      0.01      0.00       2    
n909
      1         1        0.01      0.01      0.01      0.01      0.01      0.00       2    
n910
      2         1        0.02      0.02      0.02      0.02      0.02      0.01       3    
n911
      1         1        0.01      0.01      0.01      0.01      0.01      0.00       2    
n912
      1         1        0.01      0.01      0.01      0.01      0.01      0.00       2    
n913
      2         1        0.02      0.02      0.02      0.02      0.02      0.01       3    
n914
     15         1        0.19      0.17      0.16      0.17      0.16      0.12      16    
n915
      2         1        0.02      0.02      0.02      0.02      0.02      0.01       3    
n916
      1         1        0.01      0.01      0.01      0.01      0.01      0.00       2    
n917
      1         1        0.01      0.01      0.01      0.01      0.01      0.00       2    
n918
      1         1        0.01      0.01      0.01      0.01      0.01      0.00       2    
n919
      2         1        0.02      0.02      0.02      0.02      0.02      0.01       3    
n920
      1         1        0.01      0.01      0.01      0.01      0.01      0.00       2    
n921
      1         1        0.01      0.01      0.01      0.01      0.01      0.00       2    
n922
      3         1        0.03      0.02      0.02      0.02      0.02      0.01       4    
n923
      1         1        0.01      0.01      0.01      0.01      0.01      0.00       2    
n924
      1         1        0.01      0.01      0.01      0.01      0.01      0.00       2    
n925
      3         1        0.03      0.03      0.02      0.03      0.02      0.01       4    
n926
      1         1        0.01      0.01      0.01      0.01      0.01      0.00       2    
n927
      1         1        0.01      0.01      0.01      0.01      0.01      0.00       2    
n928
      1         1        0.01      0.01      0.01      0.01      0.01      0.00       2    
n929
      2         1        0.02      0.02      0.02      0.02      0.02      0.01       3    
n930
      1         1        0.01      0.01      0.01      0.01      0.01      0.00       2    
n931
      1         1        0.01      0.01      0.01      0.01      0.01      0.00       2    
n932
      1         1        0.01      0.01      0.01      0.01      0.01      0.00       2    
n933
      1         1        0.01      0.01      0.01      0.01      0.01      0.00       2    
n934
      1         1        0.01      0.01      0.01      0.01      0.01      0.00       2    
n935
      1         1        0.01      0.01      0.01      0.01      0.01      0.00       2    
n936
      1         1        0.01      0.01      0.01      0.01      0.01      0.00       2    
n937
      1         1        0.01      0.01      0.01      0.01      0.01      0.00       2    
n938
      3         1        0.03      0.02      0.02      0.02      0.02      0.01       4    
n939
      1         1        0.01      0.01      0.01      0.01      0.01      0.00       2    
n940
      1         1        0.01      0.01      0.01      0.01      0.01      0.00       2    
n941
      3         1        0.03      0.02      0.02      0.02      0.02      0.01       4    
n942
      1         1        0.01      0.01      0.01      0.01      0.01      0.00       2    
n943
      1         1        0.01      0.01      0.01      0.01      0.01      0.00       2    
n944
      1         1        0.01      0.01      0.01      0.01      0.01      0.00       2    
n945
      2         1        0.02      0.02      0.02      0.02      0.02      0.01       3    
n946
      1         1        0.01      0.01      0.01      0.01      0.01      0.00       2    
n947
      1         1        0.01      0.01      0.01      0.01      0.01      0.00       2    
n948
      2         1        0.02      0.02      0.02      0.02      0.02      0.01       3    
n949
      1         1        0.01      0.01      0.01      0.01      0.01      0.00       2    
n950
      1         1        0.01      0.01      0.01      0.01      0.01      0.00       2    
n951
      1         1        0.01      0.01      0.01      0.01      0.01      0.00       2    
n952
      2         1        0.02      0.02      0.02      0.02      0.02      0.01       3    
n953
      1         1        0.01      0.01      0.01      0.01      0.01      0.00       2    
n954
      1         1        0.01      0.01      0.01      0.01      0.01      0.00       2    
n955
      2         1        0.02      0.02      0.02      0.02      0.02      0.01       3    
n956
      1         1        0.01      0.01      0.01      0.01      0.01      0.00       2    
n957
      1         1        0.01      0.01      0.01      0.01      0.01      0.00       2    
n958
      1         1        0.01      0.01      0.01      0.01      0.01      0.00       2    
n959
      2         1        0.02      0.02      0.02      0.02      0.02      0.01       3    
n960
      1         1        0.01      0.01      0.01      0.01      0.01      0.00       2    
n961
      1         1        0.01      0.01      0.01      0.01      0.01      0.00       2    
n962
      1         1        0.01      0.01      0.01      0.01      0.01      0.00       2    
n963
      2         1        0.02      0.02      0.02      0.02      0.02      0.01       3    
n964
      1         1        0.01      0.01      0.01      0.01      0.01      0.00       2    
n965
      1         1        0.01      0.01      0.01      0.01      0.01      0.00       2    
n966
      1         1        0.01      0.01      0.01      0.01      0.01      0.00       2    
n967
      2         1        0.02      0.02      0.02      0.02      0.02      0.01       3    
n968
     10         1        0.12      0.11      0.10      0.11      0.10      0.08      11    
n969
      1         1        0.01      0.01      0.01      0.01      0.01      0.00       2    
n970
      1         1        0.01      0.01      0.01      0.01      0.01      0.00       2    
n971
      2         1        0.02      0.02      0.02      0.02      0.02      0.01       3    
n972
      1         1        0.01      0.01      0.01      0.01      0.01      0.00       2    
n973
      1         1        0.01      0.01      0.01      0.01      0.01      0.00       2    
n974
      2         1        0.02      0.02      0.02      0.02      0.02      0.01       3    
n975
     10         1        0.14      0.12      0.12      0.12      0.12      0.08      11    
n976
      1         1        0.01      0.01      0.01      0.01      0.01      0.00       2    
n977
      1         1        0.01      0.01      0.01      0.01      0.01      0.00       2    
n978
      2         1        0.02      0.02      0.02      0.02      0.02      0.01       3    
n979
     10         1        0.12      0.11      0.10      0.11      0.10      0.08      11    
n980
      8         1        0.10      0.09      0.09      0.09      0.09      0.06       9    
n981
      1         1        0.01      0.01      0.01      0.01      0.01      0.00       2    
n982
     10         1        0.12      0.10      0.11      0.10      0.11      0.08      11    
n983
     10         1        0.13      0.11      0.11      0.11      0.11      0.08      11    
n984
      1         1        0.01      0.01      0.01      0.01      0.01      0.00       2    
n985
      1         1        0.01      0.01      0.01      0.01      0.01      0.00       2    
n986
      2         1        0.02      0.02      0.02      0.02      0.02      0.01       3    
n987
     12         1        0.20      0.18      0.17      0.18      0.17      0.11      13    
n989
      9         1        0.11      0.09      0.09      0.09      0.09      0.06      10    
n990
      1         1        0.01      0.01      0.01      0.01      0.01      0.00       2    
n991
      1         1        0.01      0.01      0.01      0.01      0.01      0.00       2    
n992
      2         1        0.02      0.02      0.02      0.02      0.02      0.01       3    
n993
     14         1        0.19      0.18      0.17      0.18      0.17      0.11      15    
num_pixels_cfg[0]
      2         1        0.02      0.02      0.02      0.02      0.02      0.01       3    
num_pixels_cfg[1]
      2         1        0.02      0.02      0.02      0.02      0.02      0.01       3    
num_pixels_cfg[2]
      3         1        0.03      0.02      0.02      0.02      0.02      0.01       4    
num_pixels_cfg[3]
      3         1        0.03      0.02      0.02      0.02      0.02      0.01       4    
num_pixels_cfg[4]
      5         1        0.05      0.04      0.04      0.04      0.04      0.03       6    
num_pixels_cfg[5]
      3         1        0.02      0.02      0.02      0.02      0.02      0.01       4    
num_pixels_cfg[6]
      2         1        0.01      0.01      0.01      0.01      0.01      0.01       3    
num_pixels_cfg[7]
      2         1        0.02      0.02      0.02      0.02      0.02      0.01       3    
num_pixels_cfg[8]
      3         1        0.02      0.02      0.02      0.02      0.02      0.01       4    
num_pixels_cfg[9]
      3         1        0.02      0.02      0.02      0.02      0.02      0.01       4    
num_pixels_cfg[10]
      4         1        0.04      0.03      0.03      0.03      0.03      0.02       5    
num_pixels_cfg[11]
      4         1        0.04      0.03      0.03      0.03      0.03      0.02       5    
num_pixels_cfg[12]
      3         1        0.03      0.02      0.02      0.02      0.02      0.01       4    
num_pixels_cfg[13]
      3         1        0.03      0.02      0.02      0.02      0.02      0.01       4    
num_pixels_cfg[14]
      4         1        0.04      0.03      0.03      0.03      0.03      0.02       5    
num_pixels_cfg[15]
      3         1        0.02      0.02      0.02      0.02      0.02      0.01       4    
quant_mode_cfg
      1         1        0.01      0.00      0.00      0.00      0.00      0.00       2    
rst_n
    170         1        5.24      5.19      5.15      5.19      5.15      4.08     171    
s_axi_araddr[0]
      1         1        0.02      0.01      0.01      0.01      0.01      0.00       2    
s_axi_araddr[1]
      1         1        0.02      0.01      0.01      0.01      0.01      0.00       2    
s_axi_araddr[2]
      1         1        0.01      0.01      0.01      0.01      0.01      0.00       2    
s_axi_araddr[3]
      1         1        0.01      0.01      0.01      0.01      0.01      0.00       2    
s_axi_arready
      3         1        0.03      0.02      0.02      0.02      0.02      0.01       4    
s_axi_arvalid
      1         1        0.01      0.01      0.01      0.01      0.01      0.00       2    
s_axi_awaddr[0]
      1         1        0.01      0.01      0.01      0.01      0.01      0.00       2    
s_axi_awaddr[1]
      1         1        0.01      0.01      0.01      0.01      0.01      0.00       2    
s_axi_awaddr[2]
      1         1        0.01      0.01      0.01      0.01      0.01      0.00       2    
s_axi_awaddr[3]
      1         1        0.01      0.00      0.00      0.00      0.00      0.00       2    
s_axi_awready
      3         1        0.01      0.01      0.01      0.01      0.01      0.01       4    
s_axi_awvalid
      1         1        0.01      0.01      0.01      0.01      0.01      0.00       2    
s_axi_rdata[0]
      2         1        0.01      0.01      0.01      0.01      0.01      0.01       3    
s_axi_rdata[1]
      2         1        0.01      0.01      0.01      0.01      0.01      0.01       3    
s_axi_rdata[2]
      2         1        0.01      0.01      0.01      0.01      0.01      0.01       3    
s_axi_rdata[3]
      2         1        0.01      0.01      0.01      0.01      0.01      0.01       3    
s_axi_rdata[4]
      2         1        0.01      0.01      0.01      0.01      0.01      0.01       3    
s_axi_rdata[5]
      2         1        0.01      0.01      0.01      0.01      0.01      0.01       3    
s_axi_rdata[6]
      2         1        0.01      0.01      0.01      0.01      0.01      0.01       3    
s_axi_rdata[7]
      2         1        0.01      0.01      0.01      0.01      0.01      0.01       3    
s_axi_rdata[8]
      2         1        0.01      0.01      0.01      0.01      0.01      0.01       3    
s_axi_rdata[9]
      2         1        0.01      0.01      0.01      0.01      0.01      0.01       3    
s_axi_rdata[10]
      2         1        0.01      0.01      0.01      0.01      0.01      0.01       3    
s_axi_rdata[11]
      2         1        0.01      0.01      0.01      0.01      0.01      0.01       3    
s_axi_rdata[12]
      2         1        0.01      0.01      0.01      0.01      0.01      0.01       3    
s_axi_rdata[13]
      2         1        0.01      0.01      0.01      0.01      0.01      0.01       3    
s_axi_rdata[14]
      2         1        0.01      0.01      0.01      0.01      0.01      0.01       3    
s_axi_rdata[15]
      2         1        0.01      0.01      0.01      0.01      0.01      0.01       3    
s_axi_rdata[16]
      2         1        0.01      0.01      0.01      0.01      0.01      0.01       3    
s_axi_rdata[17]
      2         1        0.01      0.01      0.01      0.01      0.01      0.01       3    
s_axi_rdata[18]
      2         1        0.01      0.01      0.01      0.01      0.01      0.01       3    
s_axi_rdata[19]
      2         1        0.01      0.01      0.01      0.01      0.01      0.01       3    
s_axi_rdata[20]
      2         1        0.01      0.01      0.01      0.01      0.01      0.01       3    
s_axi_rdata[21]
      2         1        0.01      0.01      0.01      0.01      0.01      0.01       3    
s_axi_rdata[22]
      2         1        0.01      0.01      0.01      0.01      0.01      0.01       3    
s_axi_rdata[23]
      2         1        0.01      0.01      0.01      0.01      0.01      0.01       3    
s_axi_rdata[24]
      2         1        0.01      0.01      0.01      0.01      0.01      0.01       3    
s_axi_rdata[25]
      2         1        0.01      0.01      0.01      0.01      0.01      0.01       3    
s_axi_rdata[26]
      2         1        0.01      0.01      0.01      0.01      0.01      0.01       3    
s_axi_rdata[27]
      2         1        0.01      0.01      0.01      0.01      0.01      0.01       3    
s_axi_rdata[28]
      2         1        0.01      0.01      0.01      0.01      0.01      0.01       3    
s_axi_rdata[29]
      2         1        0.01      0.01      0.01      0.01      0.01      0.01       3    
s_axi_rdata[30]
      2         1        0.01      0.01      0.01      0.01      0.01      0.01       3    
s_axi_rdata[31]
      2         1        0.01      0.01      0.01      0.01      0.01      0.01       3    
s_axi_rready
      1         1        0.01      0.01      0.01      0.01      0.01      0.00       2    
s_axi_rvalid
      2         1        0.01      0.01      0.01      0.01      0.01      0.01       3    
s_axi_wdata[0]
      1         1        0.01      0.00      0.00      0.00      0.00      0.00       2    
s_axi_wdata[1]
      1         1        0.01      0.00      0.00      0.00      0.00      0.00       2    
s_axi_wdata[2]
      1         1        0.01      0.00      0.00      0.00      0.00      0.00       2    
s_axi_wdata[3]
      1         1        0.01      0.00      0.00      0.00      0.00      0.00       2    
s_axi_wdata[4]
      1         1        0.01      0.00      0.00      0.00      0.00      0.00       2    
s_axi_wdata[5]
      1         1        0.01      0.00      0.00      0.00      0.00      0.00       2    
s_axi_wdata[6]
      1         1        0.01      0.00      0.00      0.00      0.00      0.00       2    
s_axi_wdata[7]
      1         1        0.01      0.00      0.00      0.00      0.00      0.00       2    
s_axi_wdata[8]
      1         1        0.01      0.00      0.00      0.00      0.00      0.00       2    
s_axi_wdata[9]
      1         1        0.01      0.00      0.00      0.00      0.00      0.00       2    
s_axi_wdata[10]
      1         1        0.01      0.00      0.00      0.00      0.00      0.00       2    
s_axi_wdata[11]
      1         1        0.01      0.00      0.00      0.00      0.00      0.00       2    
s_axi_wdata[12]
      1         1        0.01      0.00      0.00      0.00      0.00      0.00       2    
s_axi_wdata[13]
      1         1        0.01      0.00      0.00      0.00      0.00      0.00       2    
s_axi_wdata[14]
      1         1        0.01      0.00      0.00      0.00      0.00      0.00       2    
s_axi_wdata[15]
      1         1        0.01      0.00      0.00      0.00      0.00      0.00       2    
s_axi_wdata[16]
      1         1        0.01      0.01      0.01      0.01      0.01      0.00       2    
s_axi_wdata[17]
      1         1        0.01      0.01      0.01      0.01      0.01      0.00       2    
s_axi_wdata[18]
      1         1        0.01      0.01      0.01      0.01      0.01      0.00       2    
s_axi_wdata[19]
      1         1        0.01      0.01      0.01      0.01      0.01      0.00       2    
s_axi_wdata[20]
      1         1        0.01      0.01      0.01      0.01      0.01      0.00       2    
s_axi_wdata[21]
      1         1        0.01      0.01      0.01      0.01      0.01      0.00       2    
s_axi_wdata[22]
      1         1        0.01      0.01      0.01      0.01      0.01      0.00       2    
s_axi_wdata[23]
      1         1        0.01      0.01      0.01      0.01      0.01      0.00       2    
s_axi_wdata[24]
      1         1        0.01      0.01      0.01      0.01      0.01      0.00       2    
s_axi_wdata[25]
      1         1        0.01      0.01      0.01      0.01      0.01      0.00       2    
s_axi_wdata[26]
      1         1        0.01      0.01      0.01      0.01      0.01      0.00       2    
s_axi_wdata[27]
      1         1        0.01      0.01      0.01      0.01      0.01      0.00       2    
s_axi_wdata[28]
      1         1        0.01      0.01      0.01      0.01      0.01      0.00       2    
s_axi_wdata[29]
      1         1        0.01      0.01      0.01      0.01      0.01      0.00       2    
s_axi_wdata[30]
      1         1        0.01      0.01      0.01      0.01      0.01      0.00       2    
s_axi_wdata[31]
      1         1        0.01      0.01      0.01      0.01      0.01      0.00       2    
s_axi_wvalid
      1         1        0.01      0.01      0.01      0.01      0.01      0.00       2    
start_pulse
      1         1        0.01      0.01      0.01      0.01      0.01      0.00       2    
u_axi_slave/N15
      1         1        0.01      0.01      0.01      0.01      0.01      0.00       2    
u_axi_slave/N40
      2         1        0.02      0.01      0.01      0.01      0.01      0.01       3    
u_axi_slave/N44
      1         1        0.01      0.01      0.01      0.01      0.01      0.00       2    
u_axi_slave/N45
      1         1        0.01      0.01      0.01      0.01      0.01      0.00       2    
u_axi_slave/reg_ctrl[0]
      2         1        0.02      0.01      0.01      0.01      0.01      0.01       3    
u_axi_slave/reg_ctrl[1]
      2         1        0.02      0.02      0.01      0.02      0.01      0.01       3    
u_axi_slave/reg_ctrl[2]
      2         1        0.02      0.02      0.01      0.02      0.01      0.01       3    
u_axi_slave/reg_ctrl[3]
      2         1        0.02      0.02      0.01      0.02      0.01      0.01       3    
u_axi_slave/reg_ctrl[4]
      2         1        0.02      0.02      0.01      0.02      0.01      0.01       3    
u_axi_slave/reg_ctrl[5]
      2         1        0.02      0.02      0.01      0.02      0.01      0.01       3    
u_axi_slave/reg_ctrl[6]
      2         1        0.02      0.02      0.01      0.02      0.01      0.01       3    
u_axi_slave/reg_ctrl[7]
      2         1        0.02      0.02      0.01      0.02      0.01      0.01       3    
u_axi_slave/reg_ctrl[8]
      2         1        0.02      0.02      0.01      0.02      0.01      0.01       3    
u_axi_slave/reg_ctrl[9]
      2         1        0.02      0.02      0.01      0.02      0.01      0.01       3    
u_axi_slave/reg_ctrl[10]
      2         1        0.02      0.02      0.01      0.02      0.01      0.01       3    
u_axi_slave/reg_ctrl[11]
      2         1        0.02      0.02      0.01      0.02      0.01      0.01       3    
u_axi_slave/reg_ctrl[12]
      2         1        0.02      0.02      0.01      0.02      0.01      0.01       3    
u_axi_slave/reg_ctrl[13]
      2         1        0.02      0.02      0.02      0.02      0.02      0.01       3    
u_axi_slave/reg_ctrl[14]
      2         1        0.02      0.02      0.01      0.02      0.01      0.01       3    
u_axi_slave/reg_ctrl[15]
      2         1        0.02      0.02      0.02      0.02      0.02      0.01       3    
u_axi_slave/reg_ctrl[16]
      2         1        0.02      0.02      0.02      0.02      0.02      0.01       3    
u_axi_slave/reg_ctrl[17]
      2         1        0.02      0.02      0.02      0.02      0.02      0.01       3    
u_axi_slave/reg_ctrl[18]
      2         1        0.02      0.02      0.02      0.02      0.02      0.01       3    
u_axi_slave/reg_ctrl[19]
      2         1        0.02      0.02      0.02      0.02      0.02      0.01       3    
u_axi_slave/reg_ctrl[20]
      2         1        0.02      0.02      0.02      0.02      0.02      0.01       3    
u_axi_slave/reg_ctrl[21]
      2         1        0.02      0.02      0.02      0.02      0.02      0.01       3    
u_axi_slave/reg_ctrl[22]
      2         1        0.02      0.02      0.02      0.02      0.02      0.01       3    
u_axi_slave/reg_ctrl[23]
      2         1        0.02      0.02      0.02      0.02      0.02      0.01       3    
u_axi_slave/reg_ctrl[24]
      2         1        0.02      0.02      0.02      0.02      0.02      0.01       3    
u_axi_slave/reg_ctrl[25]
      2         1        0.02      0.02      0.02      0.02      0.02      0.01       3    
u_axi_slave/reg_ctrl[26]
      2         1        0.02      0.02      0.02      0.02      0.02      0.01       3    
u_axi_slave/reg_ctrl[27]
      2         1        0.02      0.02      0.02      0.02      0.02      0.01       3    
u_axi_slave/reg_ctrl[28]
      2         1        0.02      0.02      0.02      0.02      0.02      0.01       3    
u_axi_slave/reg_ctrl[29]
      2         1        0.02      0.02      0.01      0.02      0.01      0.01       3    
u_axi_slave/reg_ctrl[30]
      2         1        0.02      0.02      0.02      0.02      0.02      0.01       3    
u_axi_slave/reg_ctrl[31]
      2         1        0.02      0.02      0.02      0.02      0.02      0.01       3    
u_axi_slave/reg_pixel_cnt[16]
      2         1        0.02      0.02      0.01      0.02      0.01      0.01       3    
u_axi_slave/reg_pixel_cnt[17]
      2         1        0.02      0.02      0.01      0.02      0.01      0.01       3    
u_axi_slave/reg_pixel_cnt[18]
      2         1        0.02      0.02      0.02      0.02      0.02      0.01       3    
u_axi_slave/reg_pixel_cnt[19]
      2         1        0.02      0.02      0.02      0.02      0.02      0.01       3    
u_axi_slave/reg_pixel_cnt[20]
      2         1        0.02      0.02      0.01      0.02      0.01      0.01       3    
u_axi_slave/reg_pixel_cnt[21]
      2         1        0.02      0.02      0.01      0.02      0.01      0.01       3    
u_axi_slave/reg_pixel_cnt[22]
      2         1        0.02      0.01      0.01      0.01      0.01      0.01       3    
u_axi_slave/reg_pixel_cnt[23]
      2         1        0.02      0.02      0.01      0.02      0.01      0.01       3    
u_axi_slave/reg_pixel_cnt[24]
      2         1        0.02      0.01      0.01      0.01      0.01      0.01       3    
u_axi_slave/reg_pixel_cnt[25]
      2         1        0.02      0.02      0.01      0.02      0.01      0.01       3    
u_axi_slave/reg_pixel_cnt[26]
      2         1        0.02      0.02      0.01      0.02      0.01      0.01       3    
u_axi_slave/reg_pixel_cnt[27]
      2         1        0.02      0.02      0.01      0.02      0.01      0.01       3    
u_axi_slave/reg_pixel_cnt[28]
      2         1        0.02      0.02      0.01      0.02      0.01      0.01       3    
u_axi_slave/reg_pixel_cnt[29]
      2         1        0.02      0.01      0.01      0.01      0.01      0.01       3    
u_axi_slave/reg_pixel_cnt[30]
      2         1        0.02      0.02      0.01      0.02      0.01      0.01       3    
u_axi_slave/reg_pixel_cnt[31]
      1         1        0.01      0.00      0.00      0.00      0.00      0.00       2    
u_axi_slave/reg_quant[1]
      2         1        0.02      0.02      0.01      0.02      0.01      0.01       3    
u_axi_slave/reg_quant[2]
      2         1        0.02      0.02      0.01      0.02      0.01      0.01       3    
u_axi_slave/reg_quant[3]
      2         1        0.02      0.02      0.01      0.02      0.01      0.01       3    
u_axi_slave/reg_quant[4]
      2         1        0.02      0.02      0.01      0.02      0.01      0.01       3    
u_axi_slave/reg_quant[5]
      2         1        0.02      0.02      0.01      0.02      0.01      0.01       3    
u_axi_slave/reg_quant[6]
      2         1        0.02      0.02      0.01      0.02      0.01      0.01       3    
u_axi_slave/reg_quant[7]
      2         1        0.02      0.02      0.01      0.02      0.01      0.01       3    
u_axi_slave/reg_quant[8]
      2         1        0.02      0.02      0.01      0.02      0.01      0.01       3    
u_axi_slave/reg_quant[9]
      2         1        0.02      0.02      0.01      0.02      0.01      0.01       3    
u_axi_slave/reg_quant[10]
      2         1        0.02      0.02      0.01      0.02      0.01      0.01       3    
u_axi_slave/reg_quant[11]
      2         1        0.02      0.02      0.01      0.02      0.01      0.01       3    
u_axi_slave/reg_quant[12]
      2         1        0.02      0.02      0.01      0.02      0.01      0.01       3    
u_axi_slave/reg_quant[13]
      2         1        0.02      0.02      0.01      0.02      0.01      0.01       3    
u_axi_slave/reg_quant[14]
      2         1        0.02      0.02      0.01      0.02      0.01      0.01       3    
u_axi_slave/reg_quant[15]
      2         1        0.02      0.02      0.01      0.02      0.01      0.01       3    
u_axi_slave/reg_quant[16]
      1         1        0.01      0.00      0.00      0.00      0.00      0.00       2    
u_axi_slave/reg_quant[17]
      2         1        0.02      0.02      0.01      0.02      0.01      0.01       3    
u_axi_slave/reg_quant[18]
      1         1        0.01      0.00      0.00      0.00      0.00      0.00       2    
u_axi_slave/reg_quant[19]
      1         1        0.01      0.00      0.00      0.00      0.00      0.00       2    
u_axi_slave/reg_quant[20]
      2         1        0.02      0.02      0.01      0.02      0.01      0.01       3    
u_axi_slave/reg_quant[21]
      1         1        0.01      0.00      0.00      0.00      0.00      0.00       2    
u_axi_slave/reg_quant[22]
      2         1        0.02      0.02      0.01      0.02      0.01      0.01       3    
u_axi_slave/reg_quant[23]
      1         1        0.01      0.00      0.00      0.00      0.00      0.00       2    
u_axi_slave/reg_quant[24]
      2         1        0.02      0.02      0.01      0.02      0.01      0.01       3    
u_axi_slave/reg_quant[25]
      1         1        0.01      0.00      0.00      0.00      0.00      0.00       2    
u_axi_slave/reg_quant[26]
      1         1        0.01      0.00      0.00      0.00      0.00      0.00       2    
u_axi_slave/reg_quant[27]
      1         1        0.01      0.00      0.00      0.00      0.00      0.00       2    
u_axi_slave/reg_quant[28]
      1         1        0.01      0.00      0.00      0.00      0.00      0.00       2    
u_axi_slave/reg_quant[29]
      2         1        0.02      0.02      0.01      0.02      0.01      0.01       3    
u_axi_slave/reg_quant[30]
      1         1        0.01      0.00      0.00      0.00      0.00      0.00       2    
u_axi_slave/reg_quant[31]
      2         1        0.02      0.02      0.01      0.02      0.01      0.01       3    
u_axi_slave/reg_status[0]
      1         1        0.01      0.01      0.01      0.01      0.01      0.00       2    
u_ctrl/process_cnt[0]
      4         1        0.05      0.04      0.04      0.04      0.04      0.02       5    
u_ctrl/process_cnt[1]
      4         1        0.04      0.03      0.03      0.03      0.03      0.02       5    
u_ctrl/process_cnt[2]
      5         1        0.04      0.04      0.04      0.04      0.04      0.03       6    
u_ctrl/process_cnt[3]
      4         1        0.03      0.03      0.03      0.03      0.03      0.02       5    
u_ctrl/process_cnt[4]
      4         1        0.03      0.03      0.03      0.03      0.03      0.02       5    
u_ctrl/process_cnt[5]
      4         1        0.03      0.03      0.03      0.03      0.03      0.02       5    
u_ctrl/process_cnt[6]
      5         1        0.04      0.04      0.04      0.04      0.04      0.03       6    
u_ctrl/process_cnt[7]
      4         1        0.03      0.03      0.03      0.03      0.03      0.02       5    
u_ctrl/process_cnt[8]
      5         1        0.04      0.04      0.04      0.04      0.04      0.03       6    
u_ctrl/process_cnt[9]
      4         1        0.03      0.03      0.03      0.03      0.03      0.02       5    
u_ctrl/process_cnt[10]
      4         1        0.04      0.03      0.03      0.03      0.03      0.02       5    
u_ctrl/process_cnt[11]
      4         1        0.03      0.03      0.03      0.03      0.03      0.02       5    
u_ctrl/process_cnt[12]
      4         1        0.03      0.03      0.03      0.03      0.03      0.02       5    
u_ctrl/process_cnt[13]
      3         1        0.03      0.03      0.02      0.03      0.02      0.01       4    
u_ctrl/process_cnt[14]
      3         1        0.03      0.02      0.02      0.02      0.02      0.01       4    
u_ctrl/process_cnt[15]
      3         1        0.03      0.02      0.02      0.02      0.02      0.01       4    
u_ctrl/state[0]
      4         1        0.04      0.04      0.04      0.04      0.04      0.02       5    
u_ctrl/state[1]
      2         1        0.02      0.01      0.01      0.01      0.01      0.01       3    
u_ctrl/state[2]
      2         1        0.02      0.02      0.02      0.02      0.02      0.01       3    
u_ctrl/write_cnt[0]
      4         1        0.05      0.04      0.04      0.04      0.04      0.02       5    
u_ctrl/write_cnt[1]
      5         1        0.05      0.04      0.04      0.04      0.04      0.03       6    
u_ctrl/write_cnt[2]
      6         1        0.05      0.05      0.05      0.05      0.05      0.03       7    
u_ctrl/write_cnt[3]
      5         1        0.04      0.04      0.04      0.04      0.04      0.03       6    
u_ctrl/write_cnt[4]
      5         1        0.05      0.04      0.04      0.04      0.04      0.03       6    
u_ctrl/write_cnt[5]
      5         1        0.04      0.04      0.04      0.04      0.04      0.03       6    
u_ctrl/write_cnt[6]
      6         1        0.05      0.05      0.05      0.05      0.05      0.03       7    
u_ctrl/write_cnt[7]
      5         1        0.05      0.04      0.04      0.04      0.04      0.03       6    
u_ctrl/write_cnt[8]
      6         1        0.05      0.05      0.05      0.05      0.05      0.03       7    
u_ctrl/write_cnt[9]
      5         1        0.04      0.04      0.04      0.04      0.04      0.03       6    
u_ctrl/write_cnt[10]
      3         1        0.02      0.02      0.02      0.02      0.02      0.01       4    
u_ctrl/write_cnt[11]
      4         1        0.03      0.03      0.03      0.03      0.03      0.02       5    
u_ctrl/write_cnt[12]
      5         1        0.05      0.04      0.04      0.04      0.04      0.03       6    
u_ctrl/write_cnt[13]
      5         1        0.05      0.04      0.04      0.04      0.04      0.03       6    
u_ctrl/write_cnt[14]
      4         1        0.04      0.04      0.04      0.04      0.04      0.02       5    
u_ctrl/write_cnt[15]
      4         1        0.04      0.03      0.03      0.03      0.03      0.02       5    
-----------------------------------------------------------------------------------------------
Total 778 nets
   1947       778       25.20     22.98     22.71     22.98     22.71     16.63    2725
Maximum
    170         1        5.24      5.19      5.15      5.19      5.15      4.08     171
Average
   2.50      1.00        0.03      0.03      0.03      0.03      0.03      0.02    3.50
1
